2015-02-05T14:52:24.287+0800: 16.253: [GC [PSYoungGen: 1258368K->419369K(1677760K)] 1258368K->799365K(2057920K), 0.3176800 secs] [Times: user=0.19 sys=0.39, real=0.32 secs] 
2015-02-05T14:52:24.605+0800: 16.571: [Full GC [PSYoungGen: 419369K->419121K(1677760K)] [ParOldGen: 379995K->380157K(767680K)] 799365K->799278K(2445440K) [PSPermGen: 5837K->5835K(21248K)], 0.2047330 secs] [Times: user=0.35 sys=0.03, real=0.20 secs] 
2015-02-05T14:52:32.228+0800: 24.194: [GC [PSYoungGen: 1677489K->419369K(2652608K)] 2057646K->1935029K(4168320K), 0.7397100 secs] [Times: user=0.45 sys=0.92, real=0.74 secs] 
2015-02-05T14:52:32.968+0800: 24.934: [Full GC [PSYoungGen: 419369K->419067K(2652608K)] [ParOldGen: 1515659K->1515710K(2850688K)] 1935029K->1934778K(5503296K) [PSPermGen: 5840K->5840K(21248K)], 0.5444930 secs] [Times: user=0.93 sys=0.08, real=0.54 secs] 
2015-02-05T14:52:44.104+0800: 36.070: [GC [PSYoungGen: 2652283K->419385K(2652608K)] 4167994K->3241725K(5503296K), 0.6904490 secs] [Times: user=0.44 sys=0.93, real=0.69 secs] 
2015-02-05T14:52:44.795+0800: 36.761: [Full GC [PSYoungGen: 419385K->390759K(2652608K)] [ParOldGen: 2822339K->2850656K(4546816K)] 3241725K->3241415K(7199424K) [PSPermGen: 6293K->6293K(21248K)], 0.8019120 secs] [Times: user=1.38 sys=0.11, real=0.81 secs] 
2015-02-05T14:54:10.267+0800: 122.234: [GC [PSYoungGen: 2623975K->397655K(2652608K)] 5474631K->3248312K(7199424K), 0.1510980 secs] [Times: user=0.29 sys=0.01, real=0.15 secs] 
2015-02-05T14:56:08.288+0800: 240.255: [GC [PSYoungGen: 2630871K->400279K(2633536K)] 5481528K->3250936K(7180352K), 0.1450120 secs] [Times: user=0.28 sys=0.00, real=0.14 secs] 
Heap
 PSYoungGen      total 2633536K, used 1448610K [0x0000000744800000, 0x0000000800000000, 0x0000000800000000)
  eden space 2233216K, 46% used [0x0000000744800000,0x00000007847c2ab8,0x00000007ccce0000)
  from space 400320K, 99% used [0x00000007ccce0000,0x00000007e53c5ea0,0x00000007e53d0000)
  to   space 438464K, 0% used [0x00000007e53d0000,0x00000007e53d0000,0x0000000800000000)
 ParOldGen       total 4546816K, used 2850656K [0x00000005cd800000, 0x00000006e3040000, 0x0000000744800000)
  object space 4546816K, 62% used [0x00000005cd800000,0x000000067b7d82b8,0x00000006e3040000)
 PSPermGen       total 21248K, used 6519K [0x00000005c3200000, 0x00000005c46c0000, 0x00000005cd800000)
  object space 21248K, 30% used [0x00000005c3200000,0x00000005c385dc40,0x00000005c46c0000)
